src/app/actions/entry.ts(48,35): error TS18048: 'book.kitab_name' is possibly 'undefined'.
src/app/actions/entry.ts(129,35): error TS18048: 'book.kitab_name' is possibly 'undefined'.
src/components/AdminForm.tsx(75,5): error TS2322: Type 'Resolver<{ title: string; answer_summary: string; ibarat_text: string; entry_type: "rumusan" | "ibarat"; id?: string | undefined; question_text?: string | undefined; source_books?: { id?: string | undefined; kitab_name?: string | undefined; details?: string | undefined; order_index?: number | undefined; }[] | undefi...' is not assignable to type 'Resolver<{ title: string; answer_summary: string; ibarat_text: string; source_books: { order_index: number; id?: string | undefined; kitab_name?: string | undefined; details?: string | undefined; }[]; entry_type: "rumusan" | "ibarat"; id?: string | undefined; question_text?: string | undefined; musyawarah_source?: s...'.
  Types of parameters 'options' and 'options' are incompatible.
    Type 'ResolverOptions<{ title: string; answer_summary: string; ibarat_text: string; source_books: { order_index: number; id?: string | undefined; kitab_name?: string | undefined; details?: string | undefined; }[]; entry_type: "rumusan" | "ibarat"; id?: string | undefined; question_text?: string | undefined; musyawarah_sou...' is not assignable to type 'ResolverOptions<{ title: string; answer_summary: string; ibarat_text: string; entry_type: "rumusan" | "ibarat"; id?: string | undefined; question_text?: string | undefined; source_books?: { id?: string | undefined; kitab_name?: string | undefined; details?: string | undefined; order_index?: number | undefined; }[] |...'.
      Type '{ id?: string | undefined; kitab_name?: string | undefined; details?: string | undefined; order_index?: number | undefined; }[] | undefined' is not assignable to type '{ order_index: number; id?: string | undefined; kitab_name?: string | undefined; details?: string | undefined; }[]'.
        Type 'undefined' is not assignable to type '{ order_index: number; id?: string | undefined; kitab_name?: string | undefined; details?: string | undefined; }[]'.
src/components/AdminForm.tsx(182,47): error TS2345: Argument of type '(data: FiqhEntryValues) => Promise<void>' is not assignable to parameter of type 'SubmitHandler<TFieldValues>'.
  Types of parameters 'data' and 'data' are incompatible.
    Type 'TFieldValues' is not assignable to type '{ title: string; answer_summary: string; ibarat_text: string; source_books: { order_index: number; id?: string | undefined; kitab_name?: string | undefined; details?: string | undefined; }[]; entry_type: "rumusan" | "ibarat"; id?: string | undefined; question_text?: string | undefined; musyawarah_source?: string | u...'.
      Type 'FieldValues' is missing the following properties from type '{ title: string; answer_summary: string; ibarat_text: string; source_books: { order_index: number; id?: string | undefined; kitab_name?: string | undefined; details?: string | undefined; }[]; entry_type: "rumusan" | "ibarat"; id?: string | undefined; question_text?: string | undefined; musyawarah_source?: string | u...': title, answer_summary, ibarat_text, source_books, entry_type
src/components/AdminForm.tsx(191,19): error TS2719: Type 'import("D:/01. Punya Anggota/Akmal/PUSTAKA/node_modules/react-hook-form/dist/types/form").Control<{ title: string; answer_summary: string; ibarat_text: string; source_books: { order_index: number; id?: string | undefined; kitab_name?: string | undefined; details?: string | undefined; }[]; entry_type: "rumusan" | "ib...' is not assignable to type 'import("D:/01. Punya Anggota/Akmal/PUSTAKA/node_modules/react-hook-form/dist/types/form").Control<{ title: string; answer_summary: string; ibarat_text: string; source_books: { order_index: number; id?: string | undefined; kitab_name?: string | undefined; details?: string | undefined; }[]; entry_type: "rumusan" | "ib...'. Two different types with this name exist, but they are unrelated.
  The types of '_options.resolver' are incompatible between these types.
    Type 'import("D:/01. Punya Anggota/Akmal/PUSTAKA/node_modules/react-hook-form/dist/types/resolvers").Resolver<{ title: string; answer_summary: string; ibarat_text: string; source_books: { order_index: number; id?: string | undefined; kitab_name?: string | undefined; details?: string | undefined; }[]; entry_type: "rumusan"...' is not assignable to type 'import("D:/01. Punya Anggota/Akmal/PUSTAKA/node_modules/react-hook-form/dist/types/resolvers").Resolver<{ title: string; answer_summary: string; ibarat_text: string; source_books: { order_index: number; id?: string | undefined; kitab_name?: string | undefined; details?: string | undefined; }[]; entry_type: "rumusan"...'. Two different types with this name exist, but they are unrelated.
      Type 'import("D:/01. Punya Anggota/Akmal/PUSTAKA/node_modules/react-hook-form/dist/types/resolvers").Resolver<{ title: string; answer_summary: string; ibarat_text: string; source_books: { order_index: number; id?: string | undefined; kitab_name?: string | undefined; details?: string | undefined; }[]; entry_type: "rumusan"...' is not assignable to type 'import("D:/01. Punya Anggota/Akmal/PUSTAKA/node_modules/react-hook-form/dist/types/resolvers").Resolver<{ title: string; answer_summary: string; ibarat_text: string; source_books: { order_index: number; id?: string | undefined; kitab_name?: string | undefined; details?: string | undefined; }[]; entry_type: "rumusan"...'. Two different types with this name exist, but they are unrelated.
        Type 'import("D:/01. Punya Anggota/Akmal/PUSTAKA/node_modules/react-hook-form/dist/types/resolvers").ResolverResult<{ title: string; answer_summary: string; ibarat_text: string; source_books: { order_index: number; id?: string | undefined; kitab_name?: string | undefined; details?: string | undefined; }[]; entry_type: "ru...' is not assignable to type 'import("D:/01. Punya Anggota/Akmal/PUSTAKA/node_modules/react-hook-form/dist/types/resolvers").ResolverResult<{ title: string; answer_summary: string; ibarat_text: string; source_books: { order_index: number; id?: string | undefined; kitab_name?: string | undefined; details?: string | undefined; }[]; entry_type: "ru...'. Two different types with this name exist, but they are unrelated.
          Type 'ResolverSuccess<TFieldValues>' is not assignable to type 'ResolverResult<{ title: string; answer_summary: string; ibarat_text: string; source_books: { order_index: number; id?: string | undefined; kitab_name?: string | undefined; details?: string | undefined; }[]; entry_type: "rumusan" | "ibarat"; id?: string | undefined; question_text?: string | undefined; musyawarah_sour...'.
            Type 'ResolverSuccess<TFieldValues>' is not assignable to type 'ResolverSuccess<{ title: string; answer_summary: string; ibarat_text: string; source_books: { order_index: number; id?: string | undefined; kitab_name?: string | undefined; details?: string | undefined; }[]; entry_type: "rumusan" | "ibarat"; id?: string | undefined; question_text?: string | undefined; musyawarah_sou...'.
              Type 'TFieldValues' is not assignable to type '{ title: string; answer_summary: string; ibarat_text: string; source_books: { order_index: number; id?: string | undefined; kitab_name?: string | undefined; details?: string | undefined; }[]; entry_type: "rumusan" | "ibarat"; id?: string | undefined; question_text?: string | undefined; musyawarah_source?: string | u...'.
                Type 'FieldValues' is missing the following properties from type '{ title: string; answer_summary: string; ibarat_text: string; source_books: { order_index: number; id?: string | undefined; kitab_name?: string | undefined; details?: string | undefined; }[]; entry_type: "rumusan" | "ibarat"; id?: string | undefined; question_text?: string | undefined; musyawarah_source?: string | u...': title, answer_summary, ibarat_text, source_books, entry_type
src/components/AdminForm.tsx(205,19): error TS2719: Type 'import("D:/01. Punya Anggota/Akmal/PUSTAKA/node_modules/react-hook-form/dist/types/form").Control<{ title: string; answer_summary: string; ibarat_text: string; source_books: { order_index: number; id?: string | undefined; kitab_name?: string | undefined; details?: string | undefined; }[]; entry_type: "rumusan" | "ib...' is not assignable to type 'import("D:/01. Punya Anggota/Akmal/PUSTAKA/node_modules/react-hook-form/dist/types/form").Control<{ title: string; answer_summary: string; ibarat_text: string; source_books: { order_index: number; id?: string | undefined; kitab_name?: string | undefined; details?: string | undefined; }[]; entry_type: "rumusan" | "ib...'. Two different types with this name exist, but they are unrelated.
  The types of '_options.resolver' are incompatible between these types.
    Type 'import("D:/01. Punya Anggota/Akmal/PUSTAKA/node_modules/react-hook-form/dist/types/resolvers").Resolver<{ title: string; answer_summary: string; ibarat_text: string; source_books: { order_index: number; id?: string | undefined; kitab_name?: string | undefined; details?: string | undefined; }[]; entry_type: "rumusan"...' is not assignable to type 'import("D:/01. Punya Anggota/Akmal/PUSTAKA/node_modules/react-hook-form/dist/types/resolvers").Resolver<{ title: string; answer_summary: string; ibarat_text: string; source_books: { order_index: number; id?: string | undefined; kitab_name?: string | undefined; details?: string | undefined; }[]; entry_type: "rumusan"...'. Two different types with this name exist, but they are unrelated.
      Type 'import("D:/01. Punya Anggota/Akmal/PUSTAKA/node_modules/react-hook-form/dist/types/resolvers").Resolver<{ title: string; answer_summary: string; ibarat_text: string; source_books: { order_index: number; id?: string | undefined; kitab_name?: string | undefined; details?: string | undefined; }[]; entry_type: "rumusan"...' is not assignable to type 'import("D:/01. Punya Anggota/Akmal/PUSTAKA/node_modules/react-hook-form/dist/types/resolvers").Resolver<{ title: string; answer_summary: string; ibarat_text: string; source_books: { order_index: number; id?: string | undefined; kitab_name?: string | undefined; details?: string | undefined; }[]; entry_type: "rumusan"...'. Two different types with this name exist, but they are unrelated.
        Type 'import("D:/01. Punya Anggota/Akmal/PUSTAKA/node_modules/react-hook-form/dist/types/resolvers").ResolverResult<{ title: string; answer_summary: string; ibarat_text: string; source_books: { order_index: number; id?: string | undefined; kitab_name?: string | undefined; details?: string | undefined; }[]; entry_type: "ru...' is not assignable to type 'import("D:/01. Punya Anggota/Akmal/PUSTAKA/node_modules/react-hook-form/dist/types/resolvers").ResolverResult<{ title: string; answer_summary: string; ibarat_text: string; source_books: { order_index: number; id?: string | undefined; kitab_name?: string | undefined; details?: string | undefined; }[]; entry_type: "ru...'. Two different types with this name exist, but they are unrelated.
          Type 'ResolverSuccess<TFieldValues>' is not assignable to type 'ResolverResult<{ title: string; answer_summary: string; ibarat_text: string; source_books: { order_index: number; id?: string | undefined; kitab_name?: string | undefined; details?: string | undefined; }[]; entry_type: "rumusan" | "ibarat"; id?: string | undefined; question_text?: string | undefined; musyawarah_sour...'.
            Type 'ResolverSuccess<TFieldValues>' is not assignable to type 'ResolverSuccess<{ title: string; answer_summary: string; ibarat_text: string; source_books: { order_index: number; id?: string | undefined; kitab_name?: string | undefined; details?: string | undefined; }[]; entry_type: "rumusan" | "ibarat"; id?: string | undefined; question_text?: string | undefined; musyawarah_sou...'.
              Type 'TFieldValues' is not assignable to type '{ title: string; answer_summary: string; ibarat_text: string; source_books: { order_index: number; id?: string | undefined; kitab_name?: string | undefined; details?: string | undefined; }[]; entry_type: "rumusan" | "ibarat"; id?: string | undefined; question_text?: string | undefined; musyawarah_source?: string | u...'.
                Type 'FieldValues' is missing the following properties from type '{ title: string; answer_summary: string; ibarat_text: string; source_books: { order_index: number; id?: string | undefined; kitab_name?: string | undefined; details?: string | undefined; }[]; entry_type: "rumusan" | "ibarat"; id?: string | undefined; question_text?: string | undefined; musyawarah_source?: string | u...': title, answer_summary, ibarat_text, source_books, entry_type
src/components/AdminForm.tsx(232,17): error TS2719: Type 'import("D:/01. Punya Anggota/Akmal/PUSTAKA/node_modules/react-hook-form/dist/types/form").Control<{ title: string; answer_summary: string; ibarat_text: string; source_books: { order_index: number; id?: string | undefined; kitab_name?: string | undefined; details?: string | undefined; }[]; entry_type: "rumusan" | "ib...' is not assignable to type 'import("D:/01. Punya Anggota/Akmal/PUSTAKA/node_modules/react-hook-form/dist/types/form").Control<{ title: string; answer_summary: string; ibarat_text: string; source_books: { order_index: number; id?: string | undefined; kitab_name?: string | undefined; details?: string | undefined; }[]; entry_type: "rumusan" | "ib...'. Two different types with this name exist, but they are unrelated.
  The types of '_options.resolver' are incompatible between these types.
    Type 'import("D:/01. Punya Anggota/Akmal/PUSTAKA/node_modules/react-hook-form/dist/types/resolvers").Resolver<{ title: string; answer_summary: string; ibarat_text: string; source_books: { order_index: number; id?: string | undefined; kitab_name?: string | undefined; details?: string | undefined; }[]; entry_type: "rumusan"...' is not assignable to type 'import("D:/01. Punya Anggota/Akmal/PUSTAKA/node_modules/react-hook-form/dist/types/resolvers").Resolver<{ title: string; answer_summary: string; ibarat_text: string; source_books: { order_index: number; id?: string | undefined; kitab_name?: string | undefined; details?: string | undefined; }[]; entry_type: "rumusan"...'. Two different types with this name exist, but they are unrelated.
      Type 'import("D:/01. Punya Anggota/Akmal/PUSTAKA/node_modules/react-hook-form/dist/types/resolvers").Resolver<{ title: string; answer_summary: string; ibarat_text: string; source_books: { order_index: number; id?: string | undefined; kitab_name?: string | undefined; details?: string | undefined; }[]; entry_type: "rumusan"...' is not assignable to type 'import("D:/01. Punya Anggota/Akmal/PUSTAKA/node_modules/react-hook-form/dist/types/resolvers").Resolver<{ title: string; answer_summary: string; ibarat_text: string; source_books: { order_index: number; id?: string | undefined; kitab_name?: string | undefined; details?: string | undefined; }[]; entry_type: "rumusan"...'. Two different types with this name exist, but they are unrelated.
        Type 'import("D:/01. Punya Anggota/Akmal/PUSTAKA/node_modules/react-hook-form/dist/types/resolvers").ResolverResult<{ title: string; answer_summary: string; ibarat_text: string; source_books: { order_index: number; id?: string | undefined; kitab_name?: string | undefined; details?: string | undefined; }[]; entry_type: "ru...' is not assignable to type 'import("D:/01. Punya Anggota/Akmal/PUSTAKA/node_modules/react-hook-form/dist/types/resolvers").ResolverResult<{ title: string; answer_summary: string; ibarat_text: string; source_books: { order_index: number; id?: string | undefined; kitab_name?: string | undefined; details?: string | undefined; }[]; entry_type: "ru...'. Two different types with this name exist, but they are unrelated.
          Type 'ResolverSuccess<TFieldValues>' is not assignable to type 'ResolverResult<{ title: string; answer_summary: string; ibarat_text: string; source_books: { order_index: number; id?: string | undefined; kitab_name?: string | undefined; details?: string | undefined; }[]; entry_type: "rumusan" | "ibarat"; id?: string | undefined; question_text?: string | undefined; musyawarah_sour...'.
            Type 'ResolverSuccess<TFieldValues>' is not assignable to type 'ResolverSuccess<{ title: string; answer_summary: string; ibarat_text: string; source_books: { order_index: number; id?: string | undefined; kitab_name?: string | undefined; details?: string | undefined; }[]; entry_type: "rumusan" | "ibarat"; id?: string | undefined; question_text?: string | undefined; musyawarah_sou...'.
              Type 'TFieldValues' is not assignable to type '{ title: string; answer_summary: string; ibarat_text: string; source_books: { order_index: number; id?: string | undefined; kitab_name?: string | undefined; details?: string | undefined; }[]; entry_type: "rumusan" | "ibarat"; id?: string | undefined; question_text?: string | undefined; musyawarah_source?: string | u...'.
                Type 'FieldValues' is missing the following properties from type '{ title: string; answer_summary: string; ibarat_text: string; source_books: { order_index: number; id?: string | undefined; kitab_name?: string | undefined; details?: string | undefined; }[]; entry_type: "rumusan" | "ibarat"; id?: string | undefined; question_text?: string | undefined; musyawarah_source?: string | u...': title, answer_summary, ibarat_text, source_books, entry_type
src/components/AdminForm.tsx(251,17): error TS2719: Type 'import("D:/01. Punya Anggota/Akmal/PUSTAKA/node_modules/react-hook-form/dist/types/form").Control<{ title: string; answer_summary: string; ibarat_text: string; source_books: { order_index: number; id?: string | undefined; kitab_name?: string | undefined; details?: string | undefined; }[]; entry_type: "rumusan" | "ib...' is not assignable to type 'import("D:/01. Punya Anggota/Akmal/PUSTAKA/node_modules/react-hook-form/dist/types/form").Control<{ title: string; answer_summary: string; ibarat_text: string; source_books: { order_index: number; id?: string | undefined; kitab_name?: string | undefined; details?: string | undefined; }[]; entry_type: "rumusan" | "ib...'. Two different types with this name exist, but they are unrelated.
  The types of '_options.resolver' are incompatible between these types.
    Type 'import("D:/01. Punya Anggota/Akmal/PUSTAKA/node_modules/react-hook-form/dist/types/resolvers").Resolver<{ title: string; answer_summary: string; ibarat_text: string; source_books: { order_index: number; id?: string | undefined; kitab_name?: string | undefined; details?: string | undefined; }[]; entry_type: "rumusan"...' is not assignable to type 'import("D:/01. Punya Anggota/Akmal/PUSTAKA/node_modules/react-hook-form/dist/types/resolvers").Resolver<{ title: string; answer_summary: string; ibarat_text: string; source_books: { order_index: number; id?: string | undefined; kitab_name?: string | undefined; details?: string | undefined; }[]; entry_type: "rumusan"...'. Two different types with this name exist, but they are unrelated.
      Type 'import("D:/01. Punya Anggota/Akmal/PUSTAKA/node_modules/react-hook-form/dist/types/resolvers").Resolver<{ title: string; answer_summary: string; ibarat_text: string; source_books: { order_index: number; id?: string | undefined; kitab_name?: string | undefined; details?: string | undefined; }[]; entry_type: "rumusan"...' is not assignable to type 'import("D:/01. Punya Anggota/Akmal/PUSTAKA/node_modules/react-hook-form/dist/types/resolvers").Resolver<{ title: string; answer_summary: string; ibarat_text: string; source_books: { order_index: number; id?: string | undefined; kitab_name?: string | undefined; details?: string | undefined; }[]; entry_type: "rumusan"...'. Two different types with this name exist, but they are unrelated.
        Type 'import("D:/01. Punya Anggota/Akmal/PUSTAKA/node_modules/react-hook-form/dist/types/resolvers").ResolverResult<{ title: string; answer_summary: string; ibarat_text: string; source_books: { order_index: number; id?: string | undefined; kitab_name?: string | undefined; details?: string | undefined; }[]; entry_type: "ru...' is not assignable to type 'import("D:/01. Punya Anggota/Akmal/PUSTAKA/node_modules/react-hook-form/dist/types/resolvers").ResolverResult<{ title: string; answer_summary: string; ibarat_text: string; source_books: { order_index: number; id?: string | undefined; kitab_name?: string | undefined; details?: string | undefined; }[]; entry_type: "ru...'. Two different types with this name exist, but they are unrelated.
          Type 'ResolverSuccess<TFieldValues>' is not assignable to type 'ResolverResult<{ title: string; answer_summary: string; ibarat_text: string; source_books: { order_index: number; id?: string | undefined; kitab_name?: string | undefined; details?: string | undefined; }[]; entry_type: "rumusan" | "ibarat"; id?: string | undefined; question_text?: string | undefined; musyawarah_sour...'.
            Type 'ResolverSuccess<TFieldValues>' is not assignable to type 'ResolverSuccess<{ title: string; answer_summary: string; ibarat_text: string; source_books: { order_index: number; id?: string | undefined; kitab_name?: string | undefined; details?: string | undefined; }[]; entry_type: "rumusan" | "ibarat"; id?: string | undefined; question_text?: string | undefined; musyawarah_sou...'.
              Type 'TFieldValues' is not assignable to type '{ title: string; answer_summary: string; ibarat_text: string; source_books: { order_index: number; id?: string | undefined; kitab_name?: string | undefined; details?: string | undefined; }[]; entry_type: "rumusan" | "ibarat"; id?: string | undefined; question_text?: string | undefined; musyawarah_source?: string | u...'.
                Type 'FieldValues' is missing the following properties from type '{ title: string; answer_summary: string; ibarat_text: string; source_books: { order_index: number; id?: string | undefined; kitab_name?: string | undefined; details?: string | undefined; }[]; entry_type: "rumusan" | "ibarat"; id?: string | undefined; question_text?: string | undefined; musyawarah_source?: string | u...': title, answer_summary, ibarat_text, source_books, entry_type
src/components/AdminForm.tsx(310,19): error TS2719: Type 'import("D:/01. Punya Anggota/Akmal/PUSTAKA/node_modules/react-hook-form/dist/types/form").Control<{ title: string; answer_summary: string; ibarat_text: string; source_books: { order_index: number; id?: string | undefined; kitab_name?: string | undefined; details?: string | undefined; }[]; entry_type: "rumusan" | "ib...' is not assignable to type 'import("D:/01. Punya Anggota/Akmal/PUSTAKA/node_modules/react-hook-form/dist/types/form").Control<{ title: string; answer_summary: string; ibarat_text: string; source_books: { order_index: number; id?: string | undefined; kitab_name?: string | undefined; details?: string | undefined; }[]; entry_type: "rumusan" | "ib...'. Two different types with this name exist, but they are unrelated.
  The types of '_options.resolver' are incompatible between these types.
    Type 'import("D:/01. Punya Anggota/Akmal/PUSTAKA/node_modules/react-hook-form/dist/types/resolvers").Resolver<{ title: string; answer_summary: string; ibarat_text: string; source_books: { order_index: number; id?: string | undefined; kitab_name?: string | undefined; details?: string | undefined; }[]; entry_type: "rumusan"...' is not assignable to type 'import("D:/01. Punya Anggota/Akmal/PUSTAKA/node_modules/react-hook-form/dist/types/resolvers").Resolver<{ title: string; answer_summary: string; ibarat_text: string; source_books: { order_index: number; id?: string | undefined; kitab_name?: string | undefined; details?: string | undefined; }[]; entry_type: "rumusan"...'. Two different types with this name exist, but they are unrelated.
      Type 'import("D:/01. Punya Anggota/Akmal/PUSTAKA/node_modules/react-hook-form/dist/types/resolvers").Resolver<{ title: string; answer_summary: string; ibarat_text: string; source_books: { order_index: number; id?: string | undefined; kitab_name?: string | undefined; details?: string | undefined; }[]; entry_type: "rumusan"...' is not assignable to type 'import("D:/01. Punya Anggota/Akmal/PUSTAKA/node_modules/react-hook-form/dist/types/resolvers").Resolver<{ title: string; answer_summary: string; ibarat_text: string; source_books: { order_index: number; id?: string | undefined; kitab_name?: string | undefined; details?: string | undefined; }[]; entry_type: "rumusan"...'. Two different types with this name exist, but they are unrelated.
        Type 'import("D:/01. Punya Anggota/Akmal/PUSTAKA/node_modules/react-hook-form/dist/types/resolvers").ResolverResult<{ title: string; answer_summary: string; ibarat_text: string; source_books: { order_index: number; id?: string | undefined; kitab_name?: string | undefined; details?: string | undefined; }[]; entry_type: "ru...' is not assignable to type 'import("D:/01. Punya Anggota/Akmal/PUSTAKA/node_modules/react-hook-form/dist/types/resolvers").ResolverResult<{ title: string; answer_summary: string; ibarat_text: string; source_books: { order_index: number; id?: string | undefined; kitab_name?: string | undefined; details?: string | undefined; }[]; entry_type: "ru...'. Two different types with this name exist, but they are unrelated.
          Type 'ResolverSuccess<TFieldValues>' is not assignable to type 'ResolverResult<{ title: string; answer_summary: string; ibarat_text: string; source_books: { order_index: number; id?: string | undefined; kitab_name?: string | undefined; details?: string | undefined; }[]; entry_type: "rumusan" | "ibarat"; id?: string | undefined; question_text?: string | undefined; musyawarah_sour...'.
            Type 'ResolverSuccess<TFieldValues>' is not assignable to type 'ResolverSuccess<{ title: string; answer_summary: string; ibarat_text: string; source_books: { order_index: number; id?: string | undefined; kitab_name?: string | undefined; details?: string | undefined; }[]; entry_type: "rumusan" | "ibarat"; id?: string | undefined; question_text?: string | undefined; musyawarah_sou...'.
              Type 'TFieldValues' is not assignable to type '{ title: string; answer_summary: string; ibarat_text: string; source_books: { order_index: number; id?: string | undefined; kitab_name?: string | undefined; details?: string | undefined; }[]; entry_type: "rumusan" | "ibarat"; id?: string | undefined; question_text?: string | undefined; musyawarah_source?: string | u...'.
                Type 'FieldValues' is missing the following properties from type '{ title: string; answer_summary: string; ibarat_text: string; source_books: { order_index: number; id?: string | undefined; kitab_name?: string | undefined; details?: string | undefined; }[]; entry_type: "rumusan" | "ibarat"; id?: string | undefined; question_text?: string | undefined; musyawarah_source?: string | u...': title, answer_summary, ibarat_text, source_books, entry_type
src/components/AdminForm.tsx(374,27): error TS2719: Type 'import("D:/01. Punya Anggota/Akmal/PUSTAKA/node_modules/react-hook-form/dist/types/form").Control<{ title: string; answer_summary: string; ibarat_text: string; source_books: { order_index: number; id?: string | undefined; kitab_name?: string | undefined; details?: string | undefined; }[]; entry_type: "rumusan" | "ib...' is not assignable to type 'import("D:/01. Punya Anggota/Akmal/PUSTAKA/node_modules/react-hook-form/dist/types/form").Control<{ title: string; answer_summary: string; ibarat_text: string; source_books: { order_index: number; id?: string | undefined; kitab_name?: string | undefined; details?: string | undefined; }[]; entry_type: "rumusan" | "ib...'. Two different types with this name exist, but they are unrelated.
  The types of '_options.resolver' are incompatible between these types.
    Type 'import("D:/01. Punya Anggota/Akmal/PUSTAKA/node_modules/react-hook-form/dist/types/resolvers").Resolver<{ title: string; answer_summary: string; ibarat_text: string; source_books: { order_index: number; id?: string | undefined; kitab_name?: string | undefined; details?: string | undefined; }[]; entry_type: "rumusan"...' is not assignable to type 'import("D:/01. Punya Anggota/Akmal/PUSTAKA/node_modules/react-hook-form/dist/types/resolvers").Resolver<{ title: string; answer_summary: string; ibarat_text: string; source_books: { order_index: number; id?: string | undefined; kitab_name?: string | undefined; details?: string | undefined; }[]; entry_type: "rumusan"...'. Two different types with this name exist, but they are unrelated.
      Type 'import("D:/01. Punya Anggota/Akmal/PUSTAKA/node_modules/react-hook-form/dist/types/resolvers").Resolver<{ title: string; answer_summary: string; ibarat_text: string; source_books: { order_index: number; id?: string | undefined; kitab_name?: string | undefined; details?: string | undefined; }[]; entry_type: "rumusan"...' is not assignable to type 'import("D:/01. Punya Anggota/Akmal/PUSTAKA/node_modules/react-hook-form/dist/types/resolvers").Resolver<{ title: string; answer_summary: string; ibarat_text: string; source_books: { order_index: number; id?: string | undefined; kitab_name?: string | undefined; details?: string | undefined; }[]; entry_type: "rumusan"...'. Two different types with this name exist, but they are unrelated.
        Type 'import("D:/01. Punya Anggota/Akmal/PUSTAKA/node_modules/react-hook-form/dist/types/resolvers").ResolverResult<{ title: string; answer_summary: string; ibarat_text: string; source_books: { order_index: number; id?: string | undefined; kitab_name?: string | undefined; details?: string | undefined; }[]; entry_type: "ru...' is not assignable to type 'import("D:/01. Punya Anggota/Akmal/PUSTAKA/node_modules/react-hook-form/dist/types/resolvers").ResolverResult<{ title: string; answer_summary: string; ibarat_text: string; source_books: { order_index: number; id?: string | undefined; kitab_name?: string | undefined; details?: string | undefined; }[]; entry_type: "ru...'. Two different types with this name exist, but they are unrelated.
          Type 'ResolverSuccess<TFieldValues>' is not assignable to type 'ResolverResult<{ title: string; answer_summary: string; ibarat_text: string; source_books: { order_index: number; id?: string | undefined; kitab_name?: string | undefined; details?: string | undefined; }[]; entry_type: "rumusan" | "ibarat"; id?: string | undefined; question_text?: string | undefined; musyawarah_sour...'.
            Type 'ResolverSuccess<TFieldValues>' is not assignable to type 'ResolverSuccess<{ title: string; answer_summary: string; ibarat_text: string; source_books: { order_index: number; id?: string | undefined; kitab_name?: string | undefined; details?: string | undefined; }[]; entry_type: "rumusan" | "ibarat"; id?: string | undefined; question_text?: string | undefined; musyawarah_sou...'.
              Type 'TFieldValues' is not assignable to type '{ title: string; answer_summary: string; ibarat_text: string; source_books: { order_index: number; id?: string | undefined; kitab_name?: string | undefined; details?: string | undefined; }[]; entry_type: "rumusan" | "ibarat"; id?: string | undefined; question_text?: string | undefined; musyawarah_source?: string | u...'.
                Type 'FieldValues' is missing the following properties from type '{ title: string; answer_summary: string; ibarat_text: string; source_books: { order_index: number; id?: string | undefined; kitab_name?: string | undefined; details?: string | undefined; }[]; entry_type: "rumusan" | "ibarat"; id?: string | undefined; question_text?: string | undefined; musyawarah_source?: string | u...': title, answer_summary, ibarat_text, source_books, entry_type
src/components/AdminForm.tsx(388,27): error TS2719: Type 'import("D:/01. Punya Anggota/Akmal/PUSTAKA/node_modules/react-hook-form/dist/types/form").Control<{ title: string; answer_summary: string; ibarat_text: string; source_books: { order_index: number; id?: string | undefined; kitab_name?: string | undefined; details?: string | undefined; }[]; entry_type: "rumusan" | "ib...' is not assignable to type 'import("D:/01. Punya Anggota/Akmal/PUSTAKA/node_modules/react-hook-form/dist/types/form").Control<{ title: string; answer_summary: string; ibarat_text: string; source_books: { order_index: number; id?: string | undefined; kitab_name?: string | undefined; details?: string | undefined; }[]; entry_type: "rumusan" | "ib...'. Two different types with this name exist, but they are unrelated.
  The types of '_options.resolver' are incompatible between these types.
    Type 'import("D:/01. Punya Anggota/Akmal/PUSTAKA/node_modules/react-hook-form/dist/types/resolvers").Resolver<{ title: string; answer_summary: string; ibarat_text: string; source_books: { order_index: number; id?: string | undefined; kitab_name?: string | undefined; details?: string | undefined; }[]; entry_type: "rumusan"...' is not assignable to type 'import("D:/01. Punya Anggota/Akmal/PUSTAKA/node_modules/react-hook-form/dist/types/resolvers").Resolver<{ title: string; answer_summary: string; ibarat_text: string; source_books: { order_index: number; id?: string | undefined; kitab_name?: string | undefined; details?: string | undefined; }[]; entry_type: "rumusan"...'. Two different types with this name exist, but they are unrelated.
      Type 'import("D:/01. Punya Anggota/Akmal/PUSTAKA/node_modules/react-hook-form/dist/types/resolvers").Resolver<{ title: string; answer_summary: string; ibarat_text: string; source_books: { order_index: number; id?: string | undefined; kitab_name?: string | undefined; details?: string | undefined; }[]; entry_type: "rumusan"...' is not assignable to type 'import("D:/01. Punya Anggota/Akmal/PUSTAKA/node_modules/react-hook-form/dist/types/resolvers").Resolver<{ title: string; answer_summary: string; ibarat_text: string; source_books: { order_index: number; id?: string | undefined; kitab_name?: string | undefined; details?: string | undefined; }[]; entry_type: "rumusan"...'. Two different types with this name exist, but they are unrelated.
        Type 'import("D:/01. Punya Anggota/Akmal/PUSTAKA/node_modules/react-hook-form/dist/types/resolvers").ResolverResult<{ title: string; answer_summary: string; ibarat_text: string; source_books: { order_index: number; id?: string | undefined; kitab_name?: string | undefined; details?: string | undefined; }[]; entry_type: "ru...' is not assignable to type 'import("D:/01. Punya Anggota/Akmal/PUSTAKA/node_modules/react-hook-form/dist/types/resolvers").ResolverResult<{ title: string; answer_summary: string; ibarat_text: string; source_books: { order_index: number; id?: string | undefined; kitab_name?: string | undefined; details?: string | undefined; }[]; entry_type: "ru...'. Two different types with this name exist, but they are unrelated.
          Type 'ResolverSuccess<TFieldValues>' is not assignable to type 'ResolverResult<{ title: string; answer_summary: string; ibarat_text: string; source_books: { order_index: number; id?: string | undefined; kitab_name?: string | undefined; details?: string | undefined; }[]; entry_type: "rumusan" | "ibarat"; id?: string | undefined; question_text?: string | undefined; musyawarah_sour...'.
            Type 'ResolverSuccess<TFieldValues>' is not assignable to type 'ResolverSuccess<{ title: string; answer_summary: string; ibarat_text: string; source_books: { order_index: number; id?: string | undefined; kitab_name?: string | undefined; details?: string | undefined; }[]; entry_type: "rumusan" | "ibarat"; id?: string | undefined; question_text?: string | undefined; musyawarah_sou...'.
              Type 'TFieldValues' is not assignable to type '{ title: string; answer_summary: string; ibarat_text: string; source_books: { order_index: number; id?: string | undefined; kitab_name?: string | undefined; details?: string | undefined; }[]; entry_type: "rumusan" | "ibarat"; id?: string | undefined; question_text?: string | undefined; musyawarah_source?: string | u...'.
                Type 'FieldValues' is missing the following properties from type '{ title: string; answer_summary: string; ibarat_text: string; source_books: { order_index: number; id?: string | undefined; kitab_name?: string | undefined; details?: string | undefined; }[]; entry_type: "rumusan" | "ibarat"; id?: string | undefined; question_text?: string | undefined; musyawarah_source?: string | u...': title, answer_summary, ibarat_text, source_books, entry_type
src/components/AdminForm.tsx(411,17): error TS2719: Type 'import("D:/01. Punya Anggota/Akmal/PUSTAKA/node_modules/react-hook-form/dist/types/form").Control<{ title: string; answer_summary: string; ibarat_text: string; source_books: { order_index: number; id?: string | undefined; kitab_name?: string | undefined; details?: string | undefined; }[]; entry_type: "rumusan" | "ib...' is not assignable to type 'import("D:/01. Punya Anggota/Akmal/PUSTAKA/node_modules/react-hook-form/dist/types/form").Control<{ title: string; answer_summary: string; ibarat_text: string; source_books: { order_index: number; id?: string | undefined; kitab_name?: string | undefined; details?: string | undefined; }[]; entry_type: "rumusan" | "ib...'. Two different types with this name exist, but they are unrelated.
  The types of '_options.resolver' are incompatible between these types.
    Type 'import("D:/01. Punya Anggota/Akmal/PUSTAKA/node_modules/react-hook-form/dist/types/resolvers").Resolver<{ title: string; answer_summary: string; ibarat_text: string; source_books: { order_index: number; id?: string | undefined; kitab_name?: string | undefined; details?: string | undefined; }[]; entry_type: "rumusan"...' is not assignable to type 'import("D:/01. Punya Anggota/Akmal/PUSTAKA/node_modules/react-hook-form/dist/types/resolvers").Resolver<{ title: string; answer_summary: string; ibarat_text: string; source_books: { order_index: number; id?: string | undefined; kitab_name?: string | undefined; details?: string | undefined; }[]; entry_type: "rumusan"...'. Two different types with this name exist, but they are unrelated.
      Type 'import("D:/01. Punya Anggota/Akmal/PUSTAKA/node_modules/react-hook-form/dist/types/resolvers").Resolver<{ title: string; answer_summary: string; ibarat_text: string; source_books: { order_index: number; id?: string | undefined; kitab_name?: string | undefined; details?: string | undefined; }[]; entry_type: "rumusan"...' is not assignable to type 'import("D:/01. Punya Anggota/Akmal/PUSTAKA/node_modules/react-hook-form/dist/types/resolvers").Resolver<{ title: string; answer_summary: string; ibarat_text: string; source_books: { order_index: number; id?: string | undefined; kitab_name?: string | undefined; details?: string | undefined; }[]; entry_type: "rumusan"...'. Two different types with this name exist, but they are unrelated.
        Type 'import("D:/01. Punya Anggota/Akmal/PUSTAKA/node_modules/react-hook-form/dist/types/resolvers").ResolverResult<{ title: string; answer_summary: string; ibarat_text: string; source_books: { order_index: number; id?: string | undefined; kitab_name?: string | undefined; details?: string | undefined; }[]; entry_type: "ru...' is not assignable to type 'import("D:/01. Punya Anggota/Akmal/PUSTAKA/node_modules/react-hook-form/dist/types/resolvers").ResolverResult<{ title: string; answer_summary: string; ibarat_text: string; source_books: { order_index: number; id?: string | undefined; kitab_name?: string | undefined; details?: string | undefined; }[]; entry_type: "ru...'. Two different types with this name exist, but they are unrelated.
          Type 'ResolverSuccess<TFieldValues>' is not assignable to type 'ResolverResult<{ title: string; answer_summary: string; ibarat_text: string; source_books: { order_index: number; id?: string | undefined; kitab_name?: string | undefined; details?: string | undefined; }[]; entry_type: "rumusan" | "ibarat"; id?: string | undefined; question_text?: string | undefined; musyawarah_sour...'.
            Type 'ResolverSuccess<TFieldValues>' is not assignable to type 'ResolverSuccess<{ title: string; answer_summary: string; ibarat_text: string; source_books: { order_index: number; id?: string | undefined; kitab_name?: string | undefined; details?: string | undefined; }[]; entry_type: "rumusan" | "ibarat"; id?: string | undefined; question_text?: string | undefined; musyawarah_sou...'.
              Type 'TFieldValues' is not assignable to type '{ title: string; answer_summary: string; ibarat_text: string; source_books: { order_index: number; id?: string | undefined; kitab_name?: string | undefined; details?: string | undefined; }[]; entry_type: "rumusan" | "ibarat"; id?: string | undefined; question_text?: string | undefined; musyawarah_source?: string | u...'.
                Type 'FieldValues' is missing the following properties from type '{ title: string; answer_summary: string; ibarat_text: string; source_books: { order_index: number; id?: string | undefined; kitab_name?: string | undefined; details?: string | undefined; }[]; entry_type: "rumusan" | "ibarat"; id?: string | undefined; question_text?: string | undefined; musyawarah_source?: string | u...': title, answer_summary, ibarat_text, source_books, entry_type
